Microchip MPLAB XC8 Compiler V1.34 ()

Linker command line:

--edf=C:\Program Files (x86)\Microchip\xc8\v1.34\dat\en_msgs.txt -cs \
  -h+dist/default/production\LCD_control_PIC18.X.production.sym \
  --cmf=dist/default/production\LCD_control_PIC18.X.production.cmf -z \
  -Q18F4550 -oC:\Users\Davide\AppData\Local\Temp\sad0.6 \
  -Mdist/default/production/LCD_control_PIC18.X.production.map -E1 -ver=XC8 \
  -ASTACK=083h-07ffh -pstack=STACK -ACODE=00h-07FFFh -ACONST=00h-07FFFh \
  -ASMALLCONST=0800h-08FFhx120 -AMEDIUMCONST=0800h-07FFFh -ACOMRAM=01h-05Fh \
  -AABS1=00h-07FFh -ABIGRAM=01h-07FFh -ARAM=060h-0FFh,0100h-01FFhx7 \
  -ABANK0=060h-0FFh -ABANK1=0100h-01FFh -ABANK2=0200h-02FFh \
  -ABANK3=0300h-03FFh -ABANK4=0400h-04FFh -ABANK5=0500h-05FFh \
  -ABANK6=0600h-06FFh -ABANK7=0700h-07FFh -ASFR=0F60h-0FFFh \
  -preset_vec=00h,intcode=08h,intcodelo,powerup,init,end_init \
  -pramtop=0800h -psmallconst=SMALLCONST -pmediumconst=MEDIUMCONST \
  -pconst=CONST -AFARRAM=00h-00h -ACONFIG=0300000h-030000Dh -pconfig=CONFIG \
  -AIDLOC=0200000h-0200007h -pidloc=IDLOC -AEEDATA=0F00000h-0F000FFh \
  -peeprom_data=EEDATA \
  -prdata=COMRAM,nvrram=COMRAM,nvbit=COMRAM,rbss=COMRAM,rbit=COMRAM \
  -pfarbss=FARRAM,fardata=FARRAM,nvFARRAM=FARRAM \
  -pintsave_regs=BIGRAM,bigbss=BIGRAM,bigdata=BIGRAM -pbss=RAM \
  -pidata=CODE,irdata=CODE,ibigdata=CODE,ifardata=CODE -prparam=COMRAM \
  C:\Users\Davide\AppData\Local\Temp\sad0.obj \
  dist/default/production\LCD_control_PIC18.X.production.obj 

Object code version is 3.11

Machine type is 18F4550

Call graph: (short form)




                Name                               Link     Load   Length Selector   Space Scale
C:\Users\Davide\AppData\Local\Temp\sad0.obj
                end_init                             18       18        4        4       0
                reset_vec                             0        0        4        0       0
                idloc                            200000   200000        8   200000       0
                config                           300000   300000        E   300000       0
dist/default/production\LCD_control_PIC18.X.production.obj
                intcode                               8        8       10        4       0
                smallconst                          800      800       10      400       0
                intcode_body                       1194     1194       78      408       0
                text24                             14D6     14D6       34      408       0
                text23                             14A2     14A2       34      408       0
                text22                             1552     1552       1E      408       0
                text21                             142E     142E       3C      408       0
                text20                             13EE     13EE       40      408       0
                text19                             159C     159C       14      408       0
                text18                             12C8     12C8       54      408       0
                text17                             1532     1532       20      408       0
                text16                             1570     1570       18      408       0
                text15                             15B0     15B0       12      408       0
                text14                              FA8      FA8       B6      408       0
                text13                              EE2      EE2       C6      408       0
                text12                              E00      E00       E2      408       0
                text11                              C22      C22       F8      408       0
                text10                              D1A      D1A       E6      408       0
                text9                              1108     1108       8C      408       0
                text8                              120C     120C       60      408       0
                text7                              150A     150A       28      408       0
                text6                              126C     126C       5C      408       0
                text5                              131C     131C       4C      408       0
                text4                              105E     105E       AA      408       0
                text3                              1368     1368       46      408       0
                text2                              13AE     13AE       40      408       0
                text1                              146A     146A       38      408       0
                text0                               810      810      412      408       0
                cstackCOMRAM                          1        1       4C        1       1
                cstackBANK0                          60       60       21       60       1
                bssBANK0                             81       81        2       60       1
                cinit                              1588     1588       14      408       0

TOTAL           Name                               Link     Load   Length     Space
        CLASS   STACK          

        CLASS   CODE           
                end_init                             18       18        4         0
                intcode                               8        8       10         0
                reset_vec                             0        0        4         0
                intcode_body                       1194     1194       78         0
                text24                             14D6     14D6       34         0
                text23                             14A2     14A2       34         0
                text22                             1552     1552       1E         0
                text21                             142E     142E       3C         0
                text20                             13EE     13EE       40         0
                text19                             159C     159C       14         0
                text18                             12C8     12C8       54         0
                text17                             1532     1532       20         0
                text16                             1570     1570       18         0
                text15                             15B0     15B0       12         0
                text14                              FA8      FA8       B6         0
                text13                              EE2      EE2       C6         0
                text12                              E00      E00       E2         0
                text11                              C22      C22       F8         0
                text10                              D1A      D1A       E6         0
                text9                              1108     1108       8C         0
                text8                              120C     120C       60         0
                text7                              150A     150A       28         0
                text6                              126C     126C       5C         0
                text5                              131C     131C       4C         0
                text4                              105E     105E       AA         0
                text3                              1368     1368       46         0
                text2                              13AE     13AE       40         0
                text1                              146A     146A       38         0
                text0                               810      810      412         0
                cinit                              1588     1588       14         0

        CLASS   CONST          

        CLASS   SMALLCONST     
                smallconst                          800      800       10         0

        CLASS   MEDIUMCONST    

        CLASS   COMRAM         
                cstackCOMRAM                          1        1       4C         1

        CLASS   ABS1           

        CLASS   BIGRAM         

        CLASS   RAM            

        CLASS   BANK0          
                cstackBANK0                          60       60       21         1
                bssBANK0                             81       81        2         1

        CLASS   BANK1          

        CLASS   BANK2          

        CLASS   BANK3          

        CLASS   BANK4          

        CLASS   BANK5          

        CLASS   BANK6          

        CLASS   BANK7          

        CLASS   SFR            

        CLASS   FARRAM         

        CLASS   CONFIG         
                config                           300000   300000        E         0

        CLASS   IDLOC          
                idloc                            200000   200000        8         0

        CLASS   EEDATA         



SEGMENTS        Name                           Load    Length   Top    Selector   Space  Class

                reset_vec                      000000  000004  000004         0       0  CODE    
                cstackCOMRAM                   000001  00004C  00004D         1       1  COMRAM  
                intcode                        000008  000014  00001C         4       0  CODE    
                cstackBANK0                    000060  000023  000083        60       1  BANK0   
                smallconst                     000800  000010  000810       400       0  SMALLCON
                text0                          000810  000DB2  0015C2       408       0  CODE    
                idloc                          200000  000008  200008    200000       0  IDLOC   
                config                         300000  00000E  30000E    300000       0  CONFIG  


UNUSED ADDRESS RANGES

        Name                Unused          Largest block    Delta
        BANK0            000083-0000FF               7D
        BANK1            000100-0001FF              100
        BANK2            000200-0002FF              100
        BANK3            000300-0003FF              100
        BANK4            000400-0004FF              100
        BANK5            000500-0005FF              100
        BANK6            000600-0006FF              100
        BANK7            000700-0007FF              100
        BIGRAM           00004D-00005F               13
                         000083-0007FF              77D
        CODE             000004-000007                4
                         00001C-0007FF              7E4
                         0015C2-007FFF             6A3E
        COMRAM           00004D-00005F               13
        CONST            000004-000007                4
                         00001C-0007FF              7E4
                         0015C2-007FFF             6A3E
        EEDATA           F00000-F000FF              100
        MEDIUMCONST      0015C2-007FFF             6A3E
        RAM              000083-0007FF              100
        SFR              000F60-000FFF               A0
        SMALLCONST       0015C2-007FFF              100
        STACK            000083-0007FF              77D

                                  Symbol Table

?___ftdiv                 cstackCOMRAM 000020
?___ftmul                 cstackCOMRAM 00002F
?___ftpack                cstackCOMRAM 00000F
?___fttol                 cstackCOMRAM 00003E
?___lldiv                 cstackCOMRAM 000015
?___lltoft                cstackCOMRAM 000017
?___lwdiv                 cstackCOMRAM 00000F
?___lwmod                 cstackCOMRAM 00000F
?___wmul                  cstackCOMRAM 00000F
Delay10KTCYx@unit         cstackCOMRAM 000010
Delay_100ms@i             cstackCOMRAM 000011
Delay_100ms@j             cstackCOMRAM 000012
Delay_100ms@x             cstackCOMRAM 000010
Delay_Seconds@i           cstackCOMRAM 000012
Delay_Seconds@j           cstackCOMRAM 000011
Delay_Seconds@s           cstackCOMRAM 000010
LCD_Move@column           cstackCOMRAM 000013
LCD_Move@ddaddr           cstackCOMRAM 000015
LCD_Move@row              cstackCOMRAM 000014
OpenXLCD@lcdtype          cstackCOMRAM 000013
SetDDRamAddr@DDaddr       cstackCOMRAM 000012
WriteCmdXLCD@cmd          cstackCOMRAM 00000F
WriteDataXLCD@data        cstackCOMRAM 00000F
_ADCON0bits               (abs)        000FC2
_ADCON1bits               (abs)        000FC1
_ADCON2bits               (abs)        000FC0
_ADRESH                   (abs)        000FC4
_ADRESL                   (abs)        000FC3
_BusyXLCD                 text21       00142E
_CH0_High                 bssBANK0     000081
_CH0_Low                  bssBANK0     000082
_Delay10KTCYx             text16       001570
_DelayFor18TCY            text22       001552
_DelayPORXLCD             text15       0015B0
_Delay_100ms              text24       0014D6
_Delay_Seconds            text23       0014A2
_INTCONbits               (abs)        000FF2
_LATBbits                 (abs)        000F8A
_LCD_Clear                text19       00159C
_LCD_Move                 text17       001532
_OpenXLCD                 text14       000FA8
_PIE1bits                 (abs)        000F9D
_PIR1bits                 (abs)        000F9E
_PORTB                    (abs)        000F81
_PORTD                    (abs)        000F83
_SetDDRamAddr             text18       0012C8
_TRISAbits                (abs)        000F92
_TRISB                    (abs)        000F93
_TRISBbits                (abs)        000F93
_TRISD                    (abs)        000F95
_WriteCmdXLCD             text20       0013EE
_WriteDataXLCD            text2        0013AE
__CFG_FOSC$HS             (abs)        000000
__CFG_LVP$OFF             (abs)        000000
__CFG_MCLRE$ON            (abs)        000000
__CFG_PBADEN$OFF          (abs)        000000
__CFG_WDT$OFF             (abs)        000000
__HRAM                    (abs)        000000
__Habs1                   abs1         000000
__Hbank0                  bank0        000000
__Hbank1                  bank1        000000
__Hbank2                  bank2        000000
__Hbank3                  bank3        000000
__Hbank4                  bank4        000000
__Hbank5                  bank5        000000
__Hbank6                  bank6        000000
__Hbank7                  bank7        000000
__Hbigbss                 bigbss       000000
__Hbigdata                bigdata      000000
__Hbigram                 bigram       000000
__Hbss                    bss          000000
__HbssBANK0               bssBANK0     000000
__Hcinit                  cinit        000000
__Hclrtext                clrtext      000000
__Hcomram                 comram       000000
__Hconfig                 config       30000E
__Hconst                  const        000000
__HcstackBANK0            cstackBANK0  000000
__HcstackCOMRAM           cstackCOMRAM 000000
__Hdata                   data         000000
__Heeprom_data            eeprom_data  000000
__Hend_init               end_init     00001C
__Hfarbss                 farbss       000000
__Hfardata                fardata      000000
__Hibigdata               ibigdata     000000
__Hidata                  idata        000000
__Hidloc                  idloc        200008
__Hifardata               ifardata     000000
__Hinit                   init         000018
__Hintcode                intcode      000018
__Hintcode_body           intcode_body 000000
__Hintcodelo              intcodelo    000018
__Hintentry               intentry     000000
__Hintret                 intret       000000
__Hintsave_regs           intsave_regs 000000
__Hirdata                 irdata       000000
__Hmediumconst            mediumconst  000000
__HnvFARRAM               nvFARRAM     000000
__Hnvbit                  nvbit        000000
__Hnvrram                 nvrram       000000
__Hparam                  rparam       000000
__Hpowerup                powerup      000018
__Hram                    ram          000000
__Hramtop                 ramtop       000800
__Hrbit                   rbit         000000
__Hrbss                   rbss         000000
__Hrdata                  rdata        000000
__Hreset_vec              reset_vec    000004
__Hrparam                 rparam       000000
__Hsfr                    sfr          000000
__Hsmallconst             smallconst   000810
__Hspace_0                (abs)        30000E
__Hspace_1                (abs)        000083
__Hspace_2                (abs)        000000
__Hstack                  stack        000000
__Hstruct                 struct       000000
__Htemp                   temp         000000
__Htext                   text         000000
__Htext0                  text0        000000
__Htext1                  text1        000000
__Htext10                 text10       000000
__Htext11                 text11       000000
__Htext12                 text12       000000
__Htext13                 text13       000000
__Htext14                 text14       000000
__Htext15                 text15       000000
__Htext16                 text16       000000
__Htext17                 text17       000000
__Htext18                 text18       000000
__Htext19                 text19       000000
__Htext2                  text2        000000
__Htext20                 text20       000000
__Htext21                 text21       000000
__Htext22                 text22       000000
__Htext23                 text23       000000
__Htext24                 text24       000000
__Htext3                  text3        000000
__Htext4                  text4        000000
__Htext5                  text5        000000
__Htext6                  text6        000000
__Htext7                  text7        000000
__Htext8                  text8        000000
__Htext9                  text9        000000
__LRAM                    (abs)        000001
__Labs1                   abs1         000000
__Lbank0                  bank0        000000
__Lbank1                  bank1        000000
__Lbank2                  bank2        000000
__Lbank3                  bank3        000000
__Lbank4                  bank4        000000
__Lbank5                  bank5        000000
__Lbank6                  bank6        000000
__Lbank7                  bank7        000000
__Lbigbss                 bigbss       000000
__Lbigdata                bigdata      000000
__Lbigram                 bigram       000000
__Lbss                    bss          000000
__LbssBANK0               bssBANK0     000000
__Lcinit                  cinit        000000
__Lclrtext                clrtext      000000
__Lcomram                 comram       000000
__Lconfig                 config       300000
__Lconst                  const        000000
__LcstackBANK0            cstackBANK0  000000
__LcstackCOMRAM           cstackCOMRAM 000000
__Ldata                   data         000000
__Leeprom_data            eeprom_data  000000
__Lend_init               end_init     000018
__Lfarbss                 farbss       000000
__Lfardata                fardata      000000
__Libigdata               ibigdata     000000
__Lidata                  idata        000000
__Lidloc                  idloc        200000
__Lifardata               ifardata     000000
__Linit                   init         000018
__Lintcode                intcode      000008
__Lintcode_body           intcode_body 000000
__Lintcodelo              intcodelo    000018
__Lintentry               intentry     000000
__Lintret                 intret       000000
__Lintsave_regs           intsave_regs 000000
__Lirdata                 irdata       000000
__Lmediumconst            mediumconst  000000
__LnvFARRAM               nvFARRAM     000000
__Lnvbit                  nvbit        000000
__Lnvrram                 nvrram       000000
__Lparam                  rparam       000000
__Lpowerup                powerup      000018
__Lram                    ram          000000
__Lramtop                 ramtop       000800
__Lrbit                   rbit         000000
__Lrbss                   rbss         000000
__Lrdata                  rdata        000000
__Lreset_vec              reset_vec    000000
__Lrparam                 rparam       000000
__Lsfr                    sfr          000000
__Lsmallconst             smallconst   000800
__Lspace_0                (abs)        000000
__Lspace_1                (abs)        000000
__Lspace_2                (abs)        000000
__Lstack                  stack        000000
__Lstruct                 struct       000000
__Ltemp                   temp         000000
__Ltext                   text         000000
__Ltext0                  text0        000000
__Ltext1                  text1        000000
__Ltext10                 text10       000000
__Ltext11                 text11       000000
__Ltext12                 text12       000000
__Ltext13                 text13       000000
__Ltext14                 text14       000000
__Ltext15                 text15       000000
__Ltext16                 text16       000000
__Ltext17                 text17       000000
__Ltext18                 text18       000000
__Ltext19                 text19       000000
__Ltext2                  text2        000000
__Ltext20                 text20       000000
__Ltext21                 text21       000000
__Ltext22                 text22       000000
__Ltext23                 text23       000000
__Ltext24                 text24       000000
__Ltext3                  text3        000000
__Ltext4                  text4        000000
__Ltext5                  text5        000000
__Ltext6                  text6        000000
__Ltext7                  text7        000000
__Ltext8                  text8        000000
__Ltext9                  text9        000000
__S0                      (abs)        30000E
__S1                      (abs)        000083
__S2                      (abs)        000000
___ftdiv                  text12       000E00
___ftdiv@cntr             cstackCOMRAM 000029
___ftdiv@exp              cstackCOMRAM 00002D
___ftdiv@f1               cstackCOMRAM 000020
___ftdiv@f2               cstackCOMRAM 000023
___ftdiv@f3               cstackCOMRAM 00002A
___ftdiv@sign             cstackCOMRAM 00002E
___ftmul                  text11       000C22
___ftmul@cntr             cstackCOMRAM 00003C
___ftmul@exp              cstackCOMRAM 000038
___ftmul@f1               cstackCOMRAM 00002F
___ftmul@f2               cstackCOMRAM 000032
___ftmul@f3_as_product    cstackCOMRAM 000039
___ftmul@sign             cstackCOMRAM 00003D
___ftpack                 text13       000EE2
___ftpack@arg             cstackCOMRAM 00000F
___ftpack@exp             cstackCOMRAM 000012
___ftpack@sign            cstackCOMRAM 000013
___fttol                  text10       000D1A
___fttol@exp1             cstackCOMRAM 00004C
___fttol@f1               cstackCOMRAM 00003E
___fttol@lval             cstackCOMRAM 000048
___fttol@sign1            cstackCOMRAM 000047
___inthi_sp               stack        000000
___intlo_sp               stack        000000
___lldiv                  text9        001108
___lldiv@counter          cstackCOMRAM 000021
___lldiv@dividend         cstackCOMRAM 000015
___lldiv@divisor          cstackCOMRAM 000019
___lldiv@quotient         cstackCOMRAM 00001D
___lltoft                 text8        00120C
___lltoft@c               cstackCOMRAM 000017
___lltoft@exp             cstackCOMRAM 00001F
___lwdiv                  text6        00126C
___lwdiv@counter          cstackCOMRAM 000015
___lwdiv@dividend         cstackCOMRAM 00000F
___lwdiv@divisor          cstackCOMRAM 000011
___lwdiv@quotient         cstackCOMRAM 000013
___lwmod                  text5        00131C
___lwmod@counter          cstackCOMRAM 000013
___lwmod@dividend         cstackCOMRAM 00000F
___lwmod@divisor          cstackCOMRAM 000011
___param_bank             (abs)        000010
___rparam_used            (abs)        000001
___sp                     stack        000000
___wmul                   text7        00150A
___wmul@multiplicand      cstackCOMRAM 000011
___wmul@multiplier        cstackCOMRAM 00000F
___wmul@product           cstackCOMRAM 000013
__accesstop               (abs)        000060
__activetblptr            (abs)        000001
__end_of_BusyXLCD         text21       00146A
__end_of_Delay10KTCYx     text16       001588
__end_of_DelayFor18TCY    text22       001570
__end_of_DelayPORXLCD     text15       0015C2
__end_of_Delay_100ms      text24       00150A
__end_of_Delay_Seconds    text23       0014D6
__end_of_LCD_Clear        text19       0015B0
__end_of_LCD_Move         text17       001552
__end_of_OpenXLCD         text14       00105E
__end_of_SetDDRamAddr     text18       00131C
__end_of_WriteCmdXLCD     text20       00142E
__end_of_WriteDataXLCD    text2        0013EE
__end_of___ftdiv          text12       000EE2
__end_of___ftmul          text11       000D1A
__end_of___ftpack         text13       000FA8
__end_of___fttol          text10       000E00
__end_of___lldiv          text9        001194
__end_of___lltoft         text8        00126C
__end_of___lwdiv          text6        0012C8
__end_of___lwmod          text5        001368
__end_of___wmul           text7        001532
__end_of__initialization  cinit        00158E
__end_of_adc_int_handler  intcode_body 00120C
__end_of_itoa             text3        0013AE
__end_of_main             text0        000C22
__end_of_putrsXLCD        text1        0014A2
__end_of_utoa             text4        001108
__initialization          cinit        001588
__mediumconst             mediumconst  000000
__pbssBANK0               bssBANK0     000081
__pcinit                  cinit        001588
__pcstackBANK0            cstackBANK0  000060
__pcstackCOMRAM           cstackCOMRAM 000001
__pintcode                intcode      000008
__pintcode_body           intcode_body 001194
__psmallconst             smallconst   000800
__ptext0                  text0        000810
__ptext1                  text1        00146A
__ptext10                 text10       000D1A
__ptext11                 text11       000C22
__ptext12                 text12       000E00
__ptext13                 text13       000EE2
__ptext14                 text14       000FA8
__ptext15                 text15       0015B0
__ptext16                 text16       001570
__ptext17                 text17       001532
__ptext18                 text18       0012C8
__ptext19                 text19       00159C
__ptext2                  text2        0013AE
__ptext20                 text20       0013EE
__ptext21                 text21       00142E
__ptext22                 text22       001552
__ptext23                 text23       0014A2
__ptext24                 text24       0014D6
__ptext3                  text3        001368
__ptext4                  text4        00105E
__ptext5                  text5        00131C
__ptext6                  text6        00126C
__ptext7                  text7        00150A
__ptext8                  text8        00120C
__ptext9                  text9        001108
__ramtop                  ramtop       000800
__size_of_BusyXLCD        (abs)        000000
__size_of_Delay10KTCYx    (abs)        000000
__size_of_DelayFor18TCY   (abs)        000000
__size_of_DelayPORXLCD    (abs)        000000
__size_of_Delay_100ms     (abs)        000000
__size_of_Delay_Seconds   (abs)        000000
__size_of_LCD_Clear       (abs)        000000
__size_of_LCD_Move        (abs)        000000
__size_of_OpenXLCD        (abs)        000000
__size_of_SetDDRamAddr    (abs)        000000
__size_of_WriteCmdXLCD    (abs)        000000
__size_of_WriteDataXLCD   (abs)        000000
__size_of___ftdiv         (abs)        000000
__size_of___ftmul         (abs)        000000
__size_of___ftpack        (abs)        000000
__size_of___fttol         (abs)        000000
__size_of___lldiv         (abs)        000000
__size_of___lltoft        (abs)        000000
__size_of___lwdiv         (abs)        000000
__size_of___lwmod         (abs)        000000
__size_of___wmul          (abs)        000000
__size_of_adc_int_handler (abs)        000000
__size_of_itoa            (abs)        000000
__size_of_main            (abs)        000000
__size_of_putrsXLCD       (abs)        000000
__size_of_utoa            (abs)        000000
__smallconst              smallconst   000800
_adc_int_handler          intcode      000008
_itoa                     text3        001368
_main                     text0        000810
_putrsXLCD                text1        00146A
_utoa                     text4        00105E
end_of_initialization     cinit        00158E
int_func                  intcode_body 001194
intlevel0                 text         000000
intlevel1                 text         000000
intlevel2                 text         000000
intlevel3                 text         000000
itoa@base                 cstackCOMRAM 000023
itoa@buf                  cstackCOMRAM 00001F
itoa@cp                   cstackCOMRAM 000025
itoa@val                  cstackCOMRAM 000021
main@D                    cstackBANK0  00007C
main@F                    cstackBANK0  00007A
main@S                    cstackBANK0  00007B
main@Vin                  cstackBANK0  000076
main@mV                   cstackBANK0  00007D
main@op                   cstackBANK0  00006C
putrsXLCD@buffer          cstackCOMRAM 000010
stackhi                   (abs)        0007FF
stacklo                   (abs)        000083
start                     init         000018
start_initialization      cinit        001588
utoa@base                 cstackCOMRAM 00001A
utoa@buf                  cstackCOMRAM 000016
utoa@c                    cstackCOMRAM 00001E
utoa@v                    cstackCOMRAM 00001C
utoa@val                  cstackCOMRAM 000018


FUNCTION INFORMATION:

 *************** function _main *****************
 Defined at:
		line 108 in file "C:/Users/Davide/Desktop/Progetti_proteus_MPlabX/LCD_control_PIC18.X/newmain.c"
 Parameters:    Size  Location     Type
		None
 Auto vars:     Size  Location     Type
  op             10   12[BANK0 ] unsigned char [10]
  mV              4   29[BANK0 ] unsigned long 
  Vin             4   22[BANK0 ] unsigned long 
  D               1   28[BANK0 ] unsigned char 
  S               1   27[BANK0 ] unsigned char 
  F               1   26[BANK0 ] unsigned char 
  T               1    0        unsigned char 
 Return value:  Size  Location     Type
                  2   86[None  ] int 
 Registers used:
		wreg, fsr2l, fsr2h, status,2, status,0, tblptrl, tblptrh, tblptru, prodl, prodh, cstack
 Tracked objects:
		On entry : 
		On exit  : 
		Unchanged: 
 Data sizes:     COMRAM   BANK0   BANK1   BANK2   BANK3   BANK4   BANK5   BANK6   BANK7
      Params:         0       0       0       0       0       0       0       0       0
      Locals:         0      21       0       0       0       0       0       0       0
      Temps:          0      12       0       0       0       0       0       0       0
      Totals:         0      33       0       0       0       0       0       0       0
Total ram usage:       33 bytes
 Hardware stack levels required when called:    4
 This function calls:
		_BusyXLCD
		_Delay_100ms
		_Delay_Seconds
		_LCD_Clear
		_LCD_Move
		_OpenXLCD
		_WriteCmdXLCD
		_WriteDataXLCD
		___ftdiv
		___ftmul
		___fttol
		___lldiv
		___lltoft
		___wmul
		_itoa
		_putrsXLCD
 This function is called by:
		Startup code after reset
 This function uses a non-reentrant model


 *************** function _putrsXLCD *****************
 Defined at:
		line 16 in file "C:\Program Files (x86)\Microchip\xc8\v1.34\sources\pic18\plib\XLCD\putrxlcd.c"
 Parameters:    Size  Location     Type
  buffer          2   15[COMRAM] PTR const unsigned char 
		 -> STR_2(3), STR_1(10), 
 Auto vars:     Size  Location     Type
		None
 Return value:  Size  Location     Type
		None               void
 Registers used:
		wreg, status,2, status,0, tblptrl, tblptrh, tblptru, cstack
 Tracked objects:
		On entry : 
		On exit  : 
		Unchanged: 
 Data sizes:     COMRAM   BANK0   BANK1   BANK2   BANK3   BANK4   BANK5   BANK6   BANK7
      Params:         2       0       0       0       0       0       0       0       0
      Locals:         0       0       0       0       0       0       0       0       0
      Temps:          0       0       0       0       0       0       0       0       0
      Totals:         2       0       0       0       0       0       0       0       0
Total ram usage:        2 bytes
 Hardware stack levels used:    1
 Hardware stack levels required when called:    3
 This function calls:
		_BusyXLCD
		_WriteDataXLCD
 This function is called by:
		_main
 This function uses a non-reentrant model


 *************** function _WriteDataXLCD *****************
 Defined at:
		line 16 in file "C:\Program Files (x86)\Microchip\xc8\v1.34\sources\pic18\plib\XLCD\writdata.c"
 Parameters:    Size  Location     Type
  data            1    wreg     unsigned char 
 Auto vars:     Size  Location     Type
  data            1   14[COMRAM] unsigned char 
 Return value:  Size  Location     Type
		None               void
 Registers used:
		wreg, status,2, status,0, cstack
 Tracked objects:
		On entry : 
		On exit  : 
		Unchanged: 
 Data sizes:     COMRAM   BANK0   BANK1   BANK2   BANK3   BANK4   BANK5   BANK6   BANK7
      Params:         0       0       0       0       0       0       0       0       0
      Locals:         1       0       0       0       0       0       0       0       0
      Temps:          0       0       0       0       0       0       0       0       0
      Totals:         1       0       0       0       0       0       0       0       0
Total ram usage:        1 bytes
 Hardware stack levels used:    1
 Hardware stack levels required when called:    2
 This function calls:
		_DelayFor18TCY
 This function is called by:
		_main
		_putrsXLCD
 This function uses a non-reentrant model


 *************** function _itoa *****************
 Defined at:
		line 4 in file "C:\Program Files (x86)\Microchip\xc8\v1.34\sources\common\itoa.c"
 Parameters:    Size  Location     Type
  buf             2   30[COMRAM] PTR unsigned char 
		 -> main@op(10), 
  val             2   32[COMRAM] int 
  base            2   34[COMRAM] int 
 Auto vars:     Size  Location     Type
  cp              2   36[COMRAM] PTR unsigned char 
		 -> main@op(10), 
 Return value:  Size  Location     Type
                  2   30[COMRAM] PTR unsigned char 
 Registers used:
		wreg, fsr2l, fsr2h, status,2, status,0, cstack
 Tracked objects:
		On entry : 
		On exit  : 
		Unchanged: 
 Data sizes:     COMRAM   BANK0   BANK1   BANK2   BANK3   BANK4   BANK5   BANK6   BANK7
      Params:         6       0       0       0       0       0       0       0       0
      Locals:         2       0       0       0       0       0       0       0       0
      Temps:          0       0       0       0       0       0       0       0       0
      Totals:         8       0       0       0       0       0       0       0       0
Total ram usage:        8 bytes
 Hardware stack levels used:    1
 Hardware stack levels required when called:    3
 This function calls:
		_utoa
 This function is called by:
		_main
 This function uses a non-reentrant model


 *************** function _utoa *****************
 Defined at:
		line 17 in file "C:\Program Files (x86)\Microchip\xc8\v1.34\sources\common\itoa.c"
 Parameters:    Size  Location     Type
  buf             2   21[COMRAM] PTR unsigned char 
		 -> main@op(10), 
  val             2   23[COMRAM] unsigned int 
  base            2   25[COMRAM] int 
 Auto vars:     Size  Location     Type
  v               2   27[COMRAM] unsigned int 
  c               1   29[COMRAM] unsigned char 
 Return value:  Size  Location     Type
                  2   21[COMRAM] PTR unsigned char 
 Registers used:
		wreg, fsr2l, fsr2h, status,2, status,0, cstack
 Tracked objects:
		On entry : 
		On exit  : 
		Unchanged: 
 Data sizes:     COMRAM   BANK0   BANK1   BANK2   BANK3   BANK4   BANK5   BANK6   BANK7
      Params:         6       0       0       0       0       0       0       0       0
      Locals:         3       0       0       0       0       0       0       0       0
      Temps:          0       0       0       0       0       0       0       0       0
      Totals:         9       0       0       0       0       0       0       0       0
Total ram usage:        9 bytes
 Hardware stack levels used:    1
 Hardware stack levels required when called:    2
 This function calls:
		___lwdiv
		___lwmod
 This function is called by:
		_itoa
 This function uses a non-reentrant model


 *************** function ___lwmod *****************
 Defined at:
		line 8 in file "C:\Program Files (x86)\Microchip\xc8\v1.34\sources\common\lwmod.c"
 Parameters:    Size  Location     Type
  dividend        2   14[COMRAM] unsigned int 
  divisor         2   16[COMRAM] unsigned int 
 Auto vars:     Size  Location     Type
  counter         1   18[COMRAM] unsigned char 
 Return value:  Size  Location     Type
                  2   14[COMRAM] unsigned int 
 Registers used:
		wreg, status,2, status,0
 Tracked objects:
		On entry : 
		On exit  : 
		Unchanged: 
 Data sizes:     COMRAM   BANK0   BANK1   BANK2   BANK3   BANK4   BANK5   BANK6   BANK7
      Params:         4       0       0       0       0       0       0       0       0
      Locals:         1       0       0       0       0       0       0       0       0
      Temps:          0       0       0       0       0       0       0       0       0
      Totals:         5       0       0       0       0       0       0       0       0
Total ram usage:        5 bytes
 Hardware stack levels used:    1
 Hardware stack levels required when called:    1
 This function calls:
		Nothing
 This function is called by:
		_utoa
 This function uses a non-reentrant model


 *************** function ___lwdiv *****************
 Defined at:
		line 8 in file "C:\Program Files (x86)\Microchip\xc8\v1.34\sources\common\lwdiv.c"
 Parameters:    Size  Location     Type
  dividend        2   14[COMRAM] unsigned int 
  divisor         2   16[COMRAM] unsigned int 
 Auto vars:     Size  Location     Type
  quotient        2   18[COMRAM] unsigned int 
  counter         1   20[COMRAM] unsigned char 
 Return value:  Size  Location     Type
                  2   14[COMRAM] unsigned int 
 Registers used:
		wreg, status,2, status,0
 Tracked objects:
		On entry : 
		On exit  : 
		Unchanged: 
 Data sizes:     COMRAM   BANK0   BANK1   BANK2   BANK3   BANK4   BANK5   BANK6   BANK7
      Params:         4       0       0       0       0       0       0       0       0
      Locals:         3       0       0       0       0       0       0       0       0
      Temps:          0       0       0       0       0       0       0       0       0
      Totals:         7       0       0       0       0       0       0       0       0
Total ram usage:        7 bytes
 Hardware stack levels used:    1
 Hardware stack levels required when called:    1
 This function calls:
		Nothing
 This function is called by:
		_utoa
 This function uses a non-reentrant model


 *************** function ___wmul *****************
 Defined at:
		line 15 in file "C:\Program Files (x86)\Microchip\xc8\v1.34\sources\common\Umul16.c"
 Parameters:    Size  Location     Type
  multiplier      2   14[COMRAM] unsigned int 
  multiplicand    2   16[COMRAM] unsigned int 
 Auto vars:     Size  Location     Type
  product         2   18[COMRAM] unsigned int 
 Return value:  Size  Location     Type
                  2   14[COMRAM] unsigned int 
 Registers used:
		wreg, status,2, status,0, prodl, prodh
 Tracked objects:
		On entry : 
		On exit  : 
		Unchanged: 
 Data sizes:     COMRAM   BANK0   BANK1   BANK2   BANK3   BANK4   BANK5   BANK6   BANK7
      Params:         4       0       0       0       0       0       0       0       0
      Locals:         2       0       0       0       0       0       0       0       0
      Temps:          0       0       0       0       0       0       0       0       0
      Totals:         6       0       0       0       0       0       0       0       0
Total ram usage:        6 bytes
 Hardware stack levels used:    1
 Hardware stack levels required when called:    1
 This function calls:
		Nothing
 This function is called by:
		_main
 This function uses a non-reentrant model


 *************** function ___lltoft *****************
 Defined at:
		line 35 in file "C:\Program Files (x86)\Microchip\xc8\v1.34\sources\common\lltoft.c"
 Parameters:    Size  Location     Type
  c               4   22[COMRAM] unsigned long 
 Auto vars:     Size  Location     Type
  exp             1   30[COMRAM] unsigned char 
 Return value:  Size  Location     Type
                  3   22[COMRAM] float 
 Registers used:
		wreg, status,2, status,0, cstack
 Tracked objects:
		On entry : 
		On exit  : 
		Unchanged: 
 Data sizes:     COMRAM   BANK0   BANK1   BANK2   BANK3   BANK4   BANK5   BANK6   BANK7
      Params:         4       0       0       0       0       0       0       0       0
      Locals:         1       0       0       0       0       0       0       0       0
      Temps:          4       0       0       0       0       0       0       0       0
      Totals:         9       0       0       0       0       0       0       0       0
Total ram usage:        9 bytes
 Hardware stack levels used:    1
 Hardware stack levels required when called:    2
 This function calls:
		___ftpack
 This function is called by:
		_main
 This function uses a non-reentrant model


 *************** function ___lldiv *****************
 Defined at:
		line 8 in file "C:\Program Files (x86)\Microchip\xc8\v1.34\sources\common\lldiv.c"
 Parameters:    Size  Location     Type
  dividend        4   20[COMRAM] unsigned long 
  divisor         4   24[COMRAM] unsigned long 
 Auto vars:     Size  Location     Type
  quotient        4   28[COMRAM] unsigned long 
  counter         1   32[COMRAM] unsigned char 
 Return value:  Size  Location     Type
                  4   20[COMRAM] unsigned long 
 Registers used:
		wreg, status,2, status,0
 Tracked objects:
		On entry : 
		On exit  : 
		Unchanged: 
 Data sizes:     COMRAM   BANK0   BANK1   BANK2   BANK3   BANK4   BANK5   BANK6   BANK7
      Params:         8       0       0       0       0       0       0       0       0
      Locals:         5       0       0       0       0       0       0       0       0
      Temps:          0       0       0       0       0       0       0       0       0
      Totals:        13       0       0       0       0       0       0       0       0
Total ram usage:       13 bytes
 Hardware stack levels used:    1
 Hardware stack levels required when called:    1
 This function calls:
		Nothing
 This function is called by:
		_main
 This function uses a non-reentrant model


 *************** function ___fttol *****************
 Defined at:
		line 44 in file "C:\Program Files (x86)\Microchip\xc8\v1.34\sources\common\fttol.c"
 Parameters:    Size  Location     Type
  f1              3   61[COMRAM] float 
 Auto vars:     Size  Location     Type
  lval            4   71[COMRAM] unsigned long 
  exp1            1   75[COMRAM] unsigned char 
  sign1           1   70[COMRAM] unsigned char 
 Return value:  Size  Location     Type
                  4   61[COMRAM] long 
 Registers used:
		wreg, status,2, status,0
 Tracked objects:
		On entry : 
		On exit  : 
		Unchanged: 
 Data sizes:     COMRAM   BANK0   BANK1   BANK2   BANK3   BANK4   BANK5   BANK6   BANK7
      Params:         4       0       0       0       0       0       0       0       0
      Locals:         6       0       0       0       0       0       0       0       0
      Temps:          5       0       0       0       0       0       0       0       0
      Totals:        15       0       0       0       0       0       0       0       0
Total ram usage:       15 bytes
 Hardware stack levels used:    1
 Hardware stack levels required when called:    1
 This function calls:
		Nothing
 This function is called by:
		_main
 This function uses a non-reentrant model


 *************** function ___ftmul *****************
 Defined at:
		line 62 in file "C:\Program Files (x86)\Microchip\xc8\v1.34\sources\common\ftmul.c"
 Parameters:    Size  Location     Type
  f1              3   46[COMRAM] float 
  f2              3   49[COMRAM] float 
 Auto vars:     Size  Location     Type
  f3_as_produc    3   56[COMRAM] unsigned um
  sign            1   60[COMRAM] unsigned char 
  cntr            1   59[COMRAM] unsigned char 
  exp             1   55[COMRAM] unsigned char 
 Return value:  Size  Location     Type
                  3   46[COMRAM] float 
 Registers used:
		wreg, status,2, status,0, cstack
 Tracked objects:
		On entry : 
		On exit  : 
		Unchanged: 
 Data sizes:     COMRAM   BANK0   BANK1   BANK2   BANK3   BANK4   BANK5   BANK6   BANK7
      Params:         6       0       0       0       0       0       0       0       0
      Locals:         6       0       0       0       0       0       0       0       0
      Temps:          3       0       0       0       0       0       0       0       0
      Totals:        15       0       0       0       0       0       0       0       0
Total ram usage:       15 bytes
 Hardware stack levels used:    1
 Hardware stack levels required when called:    2
 This function calls:
		___ftpack
 This function is called by:
		_main
 This function uses a non-reentrant model


 *************** function ___ftdiv *****************
 Defined at:
		line 54 in file "C:\Program Files (x86)\Microchip\xc8\v1.34\sources\common\ftdiv.c"
 Parameters:    Size  Location     Type
  f1              3   31[COMRAM] float 
  f2              3   34[COMRAM] float 
 Auto vars:     Size  Location     Type
  f3              3   41[COMRAM] float 
  sign            1   45[COMRAM] unsigned char 
  exp             1   44[COMRAM] unsigned char 
  cntr            1   40[COMRAM] unsigned char 
 Return value:  Size  Location     Type
                  3   31[COMRAM] float 
 Registers used:
		wreg, status,2, status,0, cstack
 Tracked objects:
		On entry : 
		On exit  : 
		Unchanged: 
 Data sizes:     COMRAM   BANK0   BANK1   BANK2   BANK3   BANK4   BANK5   BANK6   BANK7
      Params:         6       0       0       0       0       0       0       0       0
      Locals:         6       0       0       0       0       0       0       0       0
      Temps:          3       0       0       0       0       0       0       0       0
      Totals:        15       0       0       0       0       0       0       0       0
Total ram usage:       15 bytes
 Hardware stack levels used:    1
 Hardware stack levels required when called:    2
 This function calls:
		___ftpack
 This function is called by:
		_main
 This function uses a non-reentrant model


 *************** function ___ftpack *****************
 Defined at:
		line 62 in file "C:\Program Files (x86)\Microchip\xc8\v1.34\sources\common\float.c"
 Parameters:    Size  Location     Type
  arg             3   14[COMRAM] unsigned um
  exp             1   17[COMRAM] unsigned char 
  sign            1   18[COMRAM] unsigned char 
 Auto vars:     Size  Location     Type
		None
 Return value:  Size  Location     Type
                  3   14[COMRAM] float 
 Registers used:
		wreg, status,2, status,0
 Tracked objects:
		On entry : 
		On exit  : 
		Unchanged: 
 Data sizes:     COMRAM   BANK0   BANK1   BANK2   BANK3   BANK4   BANK5   BANK6   BANK7
      Params:         5       0       0       0       0       0       0       0       0
      Locals:         0       0       0       0       0       0       0       0       0
      Temps:          3       0       0       0       0       0       0       0       0
      Totals:         8       0       0       0       0       0       0       0       0
Total ram usage:        8 bytes
 Hardware stack levels used:    1
 Hardware stack levels required when called:    1
 This function calls:
		Nothing
 This function is called by:
		___ftdiv
		___ftmul
		___lltoft
 This function uses a non-reentrant model


 *************** function _OpenXLCD *****************
 Defined at:
		line 19 in file "C:\Program Files (x86)\Microchip\xc8\v1.34\sources\pic18\plib\XLCD\openxlcd.c"
 Parameters:    Size  Location     Type
  lcdtype         1    wreg     unsigned char 
 Auto vars:     Size  Location     Type
  lcdtype         1   18[COMRAM] unsigned char 
 Return value:  Size  Location     Type
		None               void
 Registers used:
		wreg, status,2, status,0, cstack
 Tracked objects:
		On entry : 
		On exit  : 
		Unchanged: 
 Data sizes:     COMRAM   BANK0   BANK1   BANK2   BANK3   BANK4   BANK5   BANK6   BANK7
      Params:         0       0       0       0       0       0       0       0       0
      Locals:         1       0       0       0       0       0       0       0       0
      Temps:          0       0       0       0       0       0       0       0       0
      Totals:         1       0       0       0       0       0       0       0       0
Total ram usage:        1 bytes
 Hardware stack levels used:    1
 Hardware stack levels required when called:    3
 This function calls:
		_BusyXLCD
		_Delay10KTCYx
		_DelayPORXLCD
		_SetDDRamAddr
		_WriteCmdXLCD
 This function is called by:
		_main
 This function uses a non-reentrant model


 *************** function _DelayPORXLCD *****************
 Defined at:
		line 67 in file "C:/Users/Davide/Desktop/Progetti_proteus_MPlabX/LCD_control_PIC18.X/newmain.c"
 Parameters:    Size  Location     Type
		None
 Auto vars:     Size  Location     Type
		None
 Return value:  Size  Location     Type
		None               void
 Registers used:
		wreg
 Tracked objects:
		On entry : 
		On exit  : 
		Unchanged: 
 Data sizes:     COMRAM   BANK0   BANK1   BANK2   BANK3   BANK4   BANK5   BANK6   BANK7
      Params:         0       0       0       0       0       0       0       0       0
      Locals:         0       0       0       0       0       0       0       0       0
      Temps:          1       0       0       0       0       0       0       0       0
      Totals:         1       0       0       0       0       0       0       0       0
Total ram usage:        1 bytes
 Hardware stack levels used:    1
 Hardware stack levels required when called:    1
 This function calls:
		Nothing
 This function is called by:
		_OpenXLCD
 This function uses a non-reentrant model


 *************** function _Delay10KTCYx *****************
 Defined at:
		line 8 in file "C:\Program Files (x86)\Microchip\xc8\v1.34\sources\pic18\d10ktcyx.c"
 Parameters:    Size  Location     Type
  unit            1    wreg     unsigned char 
 Auto vars:     Size  Location     Type
  unit            1   15[COMRAM] unsigned char 
 Return value:  Size  Location     Type
		None               void
 Registers used:
		wreg
 Tracked objects:
		On entry : 
		On exit  : 
		Unchanged: 
 Data sizes:     COMRAM   BANK0   BANK1   BANK2   BANK3   BANK4   BANK5   BANK6   BANK7
      Params:         0       0       0       0       0       0       0       0       0
      Locals:         1       0       0       0       0       0       0       0       0
      Temps:          1       0       0       0       0       0       0       0       0
      Totals:         2       0       0       0       0       0       0       0       0
Total ram usage:        2 bytes
 Hardware stack levels used:    1
 Hardware stack levels required when called:    1
 This function calls:
		Nothing
 This function is called by:
		_OpenXLCD
 This function uses a non-reentrant model


 *************** function _LCD_Move *****************
 Defined at:
		line 88 in file "C:/Users/Davide/Desktop/Progetti_proteus_MPlabX/LCD_control_PIC18.X/newmain.c"
 Parameters:    Size  Location     Type
  row             1    wreg     unsigned char 
  column          1   18[COMRAM] unsigned char 
 Auto vars:     Size  Location     Type
  row             1   19[COMRAM] unsigned char 
  ddaddr          1   20[COMRAM] unsigned char 
 Return value:  Size  Location     Type
		None               void
 Registers used:
		wreg, status,2, status,0, prodl, prodh, cstack
 Tracked objects:
		On entry : 
		On exit  : 
		Unchanged: 
 Data sizes:     COMRAM   BANK0   BANK1   BANK2   BANK3   BANK4   BANK5   BANK6   BANK7
      Params:         1       0       0       0       0       0       0       0       0
      Locals:         2       0       0       0       0       0       0       0       0
      Temps:          0       0       0       0       0       0       0       0       0
      Totals:         3       0       0       0       0       0       0       0       0
Total ram usage:        3 bytes
 Hardware stack levels used:    1
 Hardware stack levels required when called:    3
 This function calls:
		_BusyXLCD
		_SetDDRamAddr
 This function is called by:
		_main
 This function uses a non-reentrant model


 *************** function _SetDDRamAddr *****************
 Defined at:
		line 13 in file "C:\Program Files (x86)\Microchip\xc8\v1.34\sources\pic18\plib\XLCD\setddram.c"
 Parameters:    Size  Location     Type
  DDaddr          1    wreg     unsigned char 
 Auto vars:     Size  Location     Type
  DDaddr          1   17[COMRAM] unsigned char 
 Return value:  Size  Location     Type
		None               void
 Registers used:
		wreg, status,2, status,0, cstack
 Tracked objects:
		On entry : 
		On exit  : 
		Unchanged: 
 Data sizes:     COMRAM   BANK0   BANK1   BANK2   BANK3   BANK4   BANK5   BANK6   BANK7
      Params:         0       0       0       0       0       0       0       0       0
      Locals:         1       0       0       0       0       0       0       0       0
      Temps:          3       0       0       0       0       0       0       0       0
      Totals:         4       0       0       0       0       0       0       0       0
Total ram usage:        4 bytes
 Hardware stack levels used:    1
 Hardware stack levels required when called:    2
 This function calls:
		_DelayFor18TCY
 This function is called by:
		_LCD_Move
		_OpenXLCD
 This function uses a non-reentrant model


 *************** function _LCD_Clear *****************
 Defined at:
		line 80 in file "C:/Users/Davide/Desktop/Progetti_proteus_MPlabX/LCD_control_PIC18.X/newmain.c"
 Parameters:    Size  Location     Type
		None
 Auto vars:     Size  Location     Type
		None
 Return value:  Size  Location     Type
		None               void
 Registers used:
		wreg, status,2, status,0, cstack
 Tracked objects:
		On entry : 
		On exit  : 
		Unchanged: 
 Data sizes:     COMRAM   BANK0   BANK1   BANK2   BANK3   BANK4   BANK5   BANK6   BANK7
      Params:         0       0       0       0       0       0       0       0       0
      Locals:         0       0       0       0       0       0       0       0       0
      Temps:          0       0       0       0       0       0       0       0       0
      Totals:         0       0       0       0       0       0       0       0       0
Total ram usage:        0 bytes
 Hardware stack levels used:    1
 Hardware stack levels required when called:    3
 This function calls:
		_BusyXLCD
		_WriteCmdXLCD
 This function is called by:
		_main
 This function uses a non-reentrant model


 *************** function _WriteCmdXLCD *****************
 Defined at:
		line 13 in file "C:\Program Files (x86)\Microchip\xc8\v1.34\sources\pic18\plib\XLCD\wcmdxlcd.c"
 Parameters:    Size  Location     Type
  cmd             1    wreg     unsigned char 
 Auto vars:     Size  Location     Type
  cmd             1   14[COMRAM] unsigned char 
 Return value:  Size  Location     Type
		None               void
 Registers used:
		wreg, status,2, status,0, cstack
 Tracked objects:
		On entry : 
		On exit  : 
		Unchanged: 
 Data sizes:     COMRAM   BANK0   BANK1   BANK2   BANK3   BANK4   BANK5   BANK6   BANK7
      Params:         0       0       0       0       0       0       0       0       0
      Locals:         1       0       0       0       0       0       0       0       0
      Temps:          0       0       0       0       0       0       0       0       0
      Totals:         1       0       0       0       0       0       0       0       0
Total ram usage:        1 bytes
 Hardware stack levels used:    1
 Hardware stack levels required when called:    2
 This function calls:
		_DelayFor18TCY
 This function is called by:
		_LCD_Clear
		_main
		_OpenXLCD
 This function uses a non-reentrant model


 *************** function _BusyXLCD *****************
 Defined at:
		line 11 in file "C:\Program Files (x86)\Microchip\xc8\v1.34\sources\pic18\plib\XLCD\busyxlcd.c"
 Parameters:    Size  Location     Type
		None
 Auto vars:     Size  Location     Type
		None
 Return value:  Size  Location     Type
                  1    wreg      unsigned char 
 Registers used:
		wreg, cstack
 Tracked objects:
		On entry : 
		On exit  : 
		Unchanged: 
 Data sizes:     COMRAM   BANK0   BANK1   BANK2   BANK3   BANK4   BANK5   BANK6   BANK7
      Params:         0       0       0       0       0       0       0       0       0
      Locals:         0       0       0       0       0       0       0       0       0
      Temps:          0       0       0       0       0       0       0       0       0
      Totals:         0       0       0       0       0       0       0       0       0
Total ram usage:        0 bytes
 Hardware stack levels used:    1
 Hardware stack levels required when called:    2
 This function calls:
		_DelayFor18TCY
 This function is called by:
		_LCD_Clear
		_LCD_Move
		_main
		_OpenXLCD
		_putrsXLCD
 This function uses a non-reentrant model


 *************** function _DelayFor18TCY *****************
 Defined at:
		line 56 in file "C:/Users/Davide/Desktop/Progetti_proteus_MPlabX/LCD_control_PIC18.X/newmain.c"
 Parameters:    Size  Location     Type
		None
 Auto vars:     Size  Location     Type
		None
 Return value:  Size  Location     Type
		None               void
 Registers used:
		None
 Tracked objects:
		On entry : 
		On exit  : 
		Unchanged: 
 Data sizes:     COMRAM   BANK0   BANK1   BANK2   BANK3   BANK4   BANK5   BANK6   BANK7
      Params:         0       0       0       0       0       0       0       0       0
      Locals:         0       0       0       0       0       0       0       0       0
      Temps:          0       0       0       0       0       0       0       0       0
      Totals:         0       0       0       0       0       0       0       0       0
Total ram usage:        0 bytes
 Hardware stack levels used:    1
 Hardware stack levels required when called:    1
 This function calls:
		Nothing
 This function is called by:
		_BusyXLCD
		_SetDDRamAddr
		_WriteCmdXLCD
		_WriteDataXLCD
 This function uses a non-reentrant model


 *************** function _Delay_Seconds *****************
 Defined at:
		line 25 in file "C:/Users/Davide/Desktop/Progetti_proteus_MPlabX/LCD_control_PIC18.X/newmain.c"
 Parameters:    Size  Location     Type
  s               1    wreg     unsigned char 
 Auto vars:     Size  Location     Type
  s               1   15[COMRAM] unsigned char 
  i               1   17[COMRAM] unsigned char 
  j               1   16[COMRAM] unsigned char 
 Return value:  Size  Location     Type
		None               void
 Registers used:
		wreg, status,2, status,0
 Tracked objects:
		On entry : 
		On exit  : 
		Unchanged: 
 Data sizes:     COMRAM   BANK0   BANK1   BANK2   BANK3   BANK4   BANK5   BANK6   BANK7
      Params:         0       0       0       0       0       0       0       0       0
      Locals:         3       0       0       0       0       0       0       0       0
      Temps:          1       0       0       0       0       0       0       0       0
      Totals:         4       0       0       0       0       0       0       0       0
Total ram usage:        4 bytes
 Hardware stack levels used:    1
 Hardware stack levels required when called:    1
 This function calls:
		Nothing
 This function is called by:
		_main
 This function uses a non-reentrant model


 *************** function _Delay_100ms *****************
 Defined at:
		line 38 in file "C:/Users/Davide/Desktop/Progetti_proteus_MPlabX/LCD_control_PIC18.X/newmain.c"
 Parameters:    Size  Location     Type
  x               1    wreg     unsigned char 
 Auto vars:     Size  Location     Type
  x               1   15[COMRAM] unsigned char 
  j               1   17[COMRAM] unsigned char 
  i               1   16[COMRAM] unsigned char 
 Return value:  Size  Location     Type
		None               void
 Registers used:
		wreg, status,2, status,0
 Tracked objects:
		On entry : 
		On exit  : 
		Unchanged: 
 Data sizes:     COMRAM   BANK0   BANK1   BANK2   BANK3   BANK4   BANK5   BANK6   BANK7
      Params:         0       0       0       0       0       0       0       0       0
      Locals:         3       0       0       0       0       0       0       0       0
      Temps:          1       0       0       0       0       0       0       0       0
      Totals:         4       0       0       0       0       0       0       0       0
Total ram usage:        4 bytes
 Hardware stack levels used:    1
 Hardware stack levels required when called:    1
 This function calls:
		Nothing
 This function is called by:
		_main
 This function uses a non-reentrant model


 *************** function _adc_int_handler *****************
 Defined at:
		line 94 in file "C:/Users/Davide/Desktop/Progetti_proteus_MPlabX/LCD_control_PIC18.X/newmain.c"
 Parameters:    Size  Location     Type
		None
 Auto vars:     Size  Location     Type
		None
 Return value:  Size  Location     Type
		None               void
 Registers used:
		None
 Tracked objects:
		On entry : 
		On exit  : 
		Unchanged: 
 Data sizes:     COMRAM   BANK0   BANK1   BANK2   BANK3   BANK4   BANK5   BANK6   BANK7
      Params:         0       0       0       0       0       0       0       0       0
      Locals:         0       0       0       0       0       0       0       0       0
      Temps:         14       0       0       0       0       0       0       0       0
      Totals:        14       0       0       0       0       0       0       0       0
Total ram usage:       14 bytes
 Hardware stack levels used:    1
 This function calls:
		Nothing
 This function is called by:
		Interrupt level 2
 This function uses a non-reentrant model



MODULE INFORMATION

Module		Function		Class		Link	Load	Size
C:\Program Files (x86)\Microchip\xc8\v1.34\sources\pic18\d10ktcyx.c
		_Delay10KTCYx  		CODE           	1570	0000	25

C:\Program Files (x86)\Microchip\xc8\v1.34\sources\pic18\d10ktcyx.c estimated size: 25

C:\Program Files (x86)\Microchip\xc8\v1.34\sources\common\float.c
		___ftpack      		CODE           	0EE2	0000	199

C:\Program Files (x86)\Microchip\xc8\v1.34\sources\common\float.c estimated size: 199

C:/Users/Davide/Desktop/Progetti_proteus_MPlabX/LCD_control_PIC18.X/newmain.c
		_LCD_Move      		CODE           	1532	0000	33
		_Delay_100ms   		CODE           	14D6	0000	53
		_main          		CODE           	0810	0000	1043
		_DelayFor18TCY 		CODE           	1552	0000	31
		_LCD_Clear     		CODE           	159C	0000	21
		_DelayPORXLCD  		CODE           	15B0	0000	19
		_Delay_Seconds 		CODE           	14A2	0000	53
		_adc_int_handle		CODE           	0008	0000	137

C:/Users/Davide/Desktop/Progetti_proteus_MPlabX/LCD_control_PIC18.X/newmain.c estimated size: 1390

C:\Program Files (x86)\Microchip\xc8\v1.34\sources\common\lwmod.c
		___lwmod       		CODE           	131C	0000	77

C:\Program Files (x86)\Microchip\xc8\v1.34\sources\common\lwmod.c estimated size: 77

C:\Program Files (x86)\Microchip\xc8\v1.34\sources\pic18\plib\XLCD\writdata.c
		_WriteDataXLCD 		CODE           	13AE	0000	65

C:\Program Files (x86)\Microchip\xc8\v1.34\sources\pic18\plib\XLCD\writdata.c estimated size: 65

C:\Program Files (x86)\Microchip\xc8\v1.34\sources\pic18\plib\XLCD\putrxlcd.c
		_putrsXLCD     		CODE           	146A	0000	57

C:\Program Files (x86)\Microchip\xc8\v1.34\sources\pic18\plib\XLCD\putrxlcd.c estimated size: 57

C:\Program Files (x86)\Microchip\xc8\v1.34\sources\common\ftmul.c
		___ftmul       		CODE           	0C22	0000	249

C:\Program Files (x86)\Microchip\xc8\v1.34\sources\common\ftmul.c estimated size: 249

C:\Program Files (x86)\Microchip\xc8\v1.34\sources\pic18\plib\XLCD\setddram.c
		_SetDDRamAddr  		CODE           	12C8	0000	85

C:\Program Files (x86)\Microchip\xc8\v1.34\sources\pic18\plib\XLCD\setddram.c estimated size: 85

C:\Program Files (x86)\Microchip\xc8\v1.34\sources\common\ftdiv.c
		___ftdiv       		CODE           	0E00	0000	227

C:\Program Files (x86)\Microchip\xc8\v1.34\sources\common\ftdiv.c estimated size: 227

C:\Program Files (x86)\Microchip\xc8\v1.34\sources\common\lltoft.c
		___lltoft      		CODE           	120C	0000	97

C:\Program Files (x86)\Microchip\xc8\v1.34\sources\common\lltoft.c estimated size: 97

shared
		__initializatio		CODE           	1588	0000	7

shared estimated size: 7

C:\Program Files (x86)\Microchip\xc8\v1.34\sources\common\itoa.c
		_itoa          		CODE           	1368	0000	71
		_utoa          		CODE           	105E	0000	171

C:\Program Files (x86)\Microchip\xc8\v1.34\sources\common\itoa.c estimated size: 242

C:\Program Files (x86)\Microchip\xc8\v1.34\sources\common\lwdiv.c
		___lwdiv       		CODE           	126C	0000	93

C:\Program Files (x86)\Microchip\xc8\v1.34\sources\common\lwdiv.c estimated size: 93

C:\Program Files (x86)\Microchip\xc8\v1.34\sources\pic18\plib\XLCD\openxlcd.c
		_OpenXLCD      		CODE           	0FA8	0000	183

C:\Program Files (x86)\Microchip\xc8\v1.34\sources\pic18\plib\XLCD\openxlcd.c estimated size: 183

C:\Program Files (x86)\Microchip\xc8\v1.34\sources\common\lldiv.c
		___lldiv       		CODE           	1108	0000	141

C:\Program Files (x86)\Microchip\xc8\v1.34\sources\common\lldiv.c estimated size: 141

C:\Program Files (x86)\Microchip\xc8\v1.34\sources\pic18\plib\XLCD\busyxlcd.c
		_BusyXLCD      		CODE           	142E	0000	61

C:\Program Files (x86)\Microchip\xc8\v1.34\sources\pic18\plib\XLCD\busyxlcd.c estimated size: 61

C:\Program Files (x86)\Microchip\xc8\v1.34\sources\common\fttol.c
		___fttol       		CODE           	0D1A	0000	231

C:\Program Files (x86)\Microchip\xc8\v1.34\sources\common\fttol.c estimated size: 231

C:\Program Files (x86)\Microchip\xc8\v1.34\sources\common\Umul16.c
		___wmul        		CODE           	150A	0000	41

C:\Program Files (x86)\Microchip\xc8\v1.34\sources\common\Umul16.c estimated size: 41

C:\Program Files (x86)\Microchip\xc8\v1.34\sources\pic18\plib\XLCD\wcmdxlcd.c
		_WriteCmdXLCD  		CODE           	13EE	0000	65

C:\Program Files (x86)\Microchip\xc8\v1.34\sources\pic18\plib\XLCD\wcmdxlcd.c estimated size: 65

